// Jest Snapshot v1, https://goo.gl/fbAQLP

exports[`renders the UI as expected 1`] = `
<form
  onSubmit={[Function]}
>
  <legend>
    Create a folder
  </legend>
  <label
    htmlFor="name"
  >
    Folder Name:
  </label>
  <input
    id="name"
    name="name"
    onChange={[Function]}
    type="text"
  />
  <button
    disabled="Name is required"
    type="submit"
  >
    Submit
  </button>
</form>
`;
